// Jest Snapshot v1, https://goo.gl/fbAQLP

exports[`DoorList should render correctly 1`] = `
<p
  class="MuiTypography-root MuiTypography-body1 css-1dz3uf8-MuiTypography-root"
>
  2/22/2023, 11:05 PM
</p>
`;
